../Core/Src/BLE_APP_Master.c:26:6:BLE_USART	16	static
../Core/Src/BLE_APP_Master.c:83:6:Get_SlaveDevice_Data	24	static
../Core/Src/BLE_APP_Master.c:118:6:Connect_Rep_Check	16	static
../Core/Src/BLE_APP_Master.c:138:23:Check_Rev_Timeout	8	static
../Core/Src/BLE_APP_Master.c:157:23:Check_Con_Timeout	4	static
../Core/Src/BLE_APP_Master.c:176:6:BLE_HD_RESET	8	static
../Core/Src/BLE_APP_Master.c:187:6:BLE_Status_Init	16	static
../Core/Src/BLE_APP_Master.c:206:6:Send_ConSuccessed_ACK	16	static
../Core/Src/BLE_APP_Master.c:214:6:Send_RevSuccessed_ACK	16	static
