../Core/Src/main.c:78:5:main	8	static
../Core/Src/main.c:142:6:SystemClock_Config	88	static
../Core/Src/main.c:188:13:MX_DAC_Init	16	static
../Core/Src/main.c:232:13:MX_IWDG_Init	8	static
../Core/Src/main.c:260:13:MX_TIM2_Init	32	static
../Core/Src/main.c:305:13:MX_USART6_UART_Init	8	static
../Core/Src/main.c:338:13:MX_GPIO_Init	40	static
../Core/Src/main.c:381:6:HAL_TIM_PeriodElapsedCallback	16	static
../Core/Src/main.c:394:6:HAL_UART_RxCpltCallback	16	static
../Core/Src/main.c:422:6:Error_Handler	4	static
